F                                                                        [100%]
=================================== FAILURES ===================================
_ test_show_all_restores_rows_preserving_regex_selection_and_invalidating_preview _

    async def test_show_all_restores_rows_preserving_regex_selection_and_invalidating_preview():
        docker = Inventory()
        app = WhitelistApp(docker)
        async with app.run_test(size=(80, 24)) as pilot:
            rules = app.query_one(TextArea)
            table = app.query_one(DataTable)
>           show_all = app.query_one("#show-all", Button)
                       ^^^^^^^^^^^^^^^^^^^^^^^^^^^^^^^^^^

tests/integration/test_filter_preview.py:126: 
_ _ _ _ _ _ _ _ _ _ _ _ _ _ _ _ _ _ _ _ _ _ _ _ _ _ _ _ _ _ _ _ _ _ _ _ _ _ _ _ 

self = WhitelistApp(title='Docker Clean — 白名單刪除', classes={'-light-mode', '-theme-e-ink'}, pseudo_classes={'focus', 'nocolor', 'light'})
selector = '#show-all', expect_type = <class 'textual.widgets._button.Button'>

    def query_one(
        self,
        selector: str | type[QueryType],
        expect_type: type[QueryType] | None = None,
    ) -> QueryType | Widget:
        """Get a widget from this widget's children that matches a selector or widget type.
    
        Args:
            selector: A selector or widget type.
            expect_type: Require the object be of the supplied type, or None for any type.
    
        Raises:
            WrongType: If the wrong type was found.
            NoMatches: If no node matches the query.
    
        Returns:
            A widget matching the selector.
        """
        _rich_traceback_omit = True
    
        base_node = self._get_dom_base()
    
        if isinstance(selector, str):
            query_selector = selector
        else:
            query_selector = selector.__name__
    
        if is_id_selector(query_selector):
            cache_key = (base_node._nodes._updates, query_selector, expect_type)
            cached_result = base_node._query_one_cache.get(cache_key)
            if cached_result is not None:
                return cached_result
            if (
                node := walk_breadth_search_id(
                    base_node, query_selector[1:], with_root=False
                )
            ) is not None:
                if expect_type is not None and not isinstance(node, expect_type):
                    raise WrongType(
                        f"Node matching {query_selector!r} is the wrong type; expected type {expect_type.__name__!r}, found {node}"
                    )
                base_node._query_one_cache[cache_key] = node
                return node
>           raise NoMatches(f"No nodes match {query_selector!r} on {base_node!r}")
E           textual.css.query.NoMatches: No nodes match '#show-all' on Screen(id='_default')

.venv/lib/python3.13/site-packages/textual/dom.py:1505: NoMatches
=========================== short test summary info ============================
FAILED tests/integration/test_filter_preview.py::test_show_all_restores_rows_preserving_regex_selection_and_invalidating_preview
1 failed, 11 deselected in 0.18s
