FFF                                                                      [100%]
=================================== FAILURES ===================================
____ test_main_list_has_one_scroll_region_and_fixed_bottom_controls[False] _____

tmp_path = PosixPath('/tmp/pytest-of-swy/pytest-878/test_main_list_has_one_scroll_0')
legacy = False

    @pytest.mark.parametrize("legacy", [False, True])
    async def test_main_list_has_one_scroll_region_and_fixed_bottom_controls(tmp_path, legacy):
        app = CleanerApp(tmp_path / "config.yaml", Inventory()) if legacy else WhitelistApp(Inventory())
        async with app.run_test(size=(100, 30)) as pilot:
            table = app.query_one(DataTable)
            controls = app.query_one("#preview", Button).region
>           assert controls.y >= app.size.height - 3
E           AssertionError: assert 22 >= (30 - 3)
E            +  where 22 = Region(x=0, y=22, width=8, height=1).y
E            +  and   30 = Size(width=100, height=30).height
E            +    where Size(width=100, height=30) = WhitelistApp(title='Docker Clean — 白名單刪除', classes={'-theme-e-ink', '-light-mode'}, pseudo_classes={'nocolor', 'light', 'focus'}).size

tests/integration/test_compact_layout.py:22: AssertionError
_____ test_main_list_has_one_scroll_region_and_fixed_bottom_controls[True] _____

tmp_path = PosixPath('/tmp/pytest-of-swy/pytest-878/test_main_list_has_one_scroll_1')
legacy = True

    @pytest.mark.parametrize("legacy", [False, True])
    async def test_main_list_has_one_scroll_region_and_fixed_bottom_controls(tmp_path, legacy):
        app = CleanerApp(tmp_path / "config.yaml", Inventory()) if legacy else WhitelistApp(Inventory())
        async with app.run_test(size=(100, 30)) as pilot:
            table = app.query_one(DataTable)
            controls = app.query_one("#preview", Button).region
>           assert controls.y >= app.size.height - 3
E           AssertionError: assert 23 >= (30 - 3)
E            +  where 23 = Region(x=13, y=23, width=8, height=1).y
E            +  and   30 = Size(width=100, height=30).height
E            +    where Size(width=100, height=30) = CleanerApp(title='Docker Clean', classes={'-dark-mode', '-theme-terminal'}, pseudo_classes={'dark', 'nocolor', 'ansi', 'focus'}).size

tests/integration/test_compact_layout.py:22: AssertionError
____ test_whitelist_input_grows_from_two_to_four_content_lines_then_scrolls ____

    async def test_whitelist_input_grows_from_two_to_four_content_lines_then_scrolls():
        app = WhitelistApp(Inventory())
        async with app.run_test(size=(100, 30)) as pilot:
            rules = app.query_one(TextArea)
            await pilot.pause()
>           assert rules.content_size.height == 2
E           AssertionError: assert 4 == 2
E            +  where 4 = Size(width=96, height=4).height
E            +    where Size(width=96, height=4) = ContainedTextArea(id='rules').content_size

tests/integration/test_compact_layout.py:63: AssertionError
=========================== short test summary info ============================
FAILED tests/integration/test_compact_layout.py::test_main_list_has_one_scroll_region_and_fixed_bottom_controls[False]
FAILED tests/integration/test_compact_layout.py::test_main_list_has_one_scroll_region_and_fixed_bottom_controls[True]
FAILED tests/integration/test_compact_layout.py::test_whitelist_input_grows_from_two_to_four_content_lines_then_scrolls
3 failed in 0.57s
