remove_tags=True, force=False
保留 | sha256:0f505234dd2bc03222c85d1a1d57f7e0289991acf2053a263390994558aa0939
  tags: registry.example:5000/team/app:1.2
  大小: 4421246 bytes（共用層不可加總） | 建立: 2026-09-21T07:35:15.124808402Z
  容器: 無 | force=false
  原因: registry.example:5000/team/app:1.2 符合 '^(?!qa-case-)'
  目標: 無

跳過 | sha256:4260031374ff292a0e825bde574b44ae48f17df69324467171c148ed53b0a622
  tags: qa-case-10-stopped:latest
  大小: 4421246 bytes（共用層不可加總） | 建立: 2026-09-21T07:42:58.095122119Z
  容器: qa-case-10-stopped (exited, 67e88516f71590cb97fd6015266ada66f791a061142d3f947b7f5c9347df8c87) | force=false
  原因: 容器引用；force 未啟用
  目標: 無

移除 tag | sha256:459f32c35fe22fb8f24de8b1f4042440950ab9fcd6130dd3158e03bb9e21581f
  tags: qa-case-10-single:latest
  大小: 4421246 bytes（共用層不可加總） | 建立: 2026-09-21T07:42:52.427543693Z
  容器: 無 | force=false
  原因: 最後一個 tag 可能同時刪除 image
  目標: qa-case-10-single:latest

保留 | sha256:4f7a67b0ce2093c28233f60fa807e2f9bf178d9488c94e73501ea450f4584c4a
  tags: registry.example:5000/team/qa-case-match:1.2
  大小: 4421246 bytes（共用層不可加總） | 建立: 2026-09-21T07:40:27.098013662Z
  容器: 無 | force=false
  原因: registry.example:5000/team/qa-case-match:1.2 符合 '^(?!qa-case-)'
  目標: 無

保留 | sha256:5617709a682aaf2892782a41920ef1362a6f206fc934cfd56c8731f052e5e3db
  tags: qa-running:latest
  大小: 4421246 bytes（共用層不可加總） | 建立: 2026-09-21T07:35:17.095585076Z
  容器: qa-running (running, 72c2f7859ef6ee3cbfed4d2e0861403e7781d598e7f747a3faa3a535b54c5c8d) | force=false
  原因: qa-running:latest 符合 '^(?!qa-case-)'
  目標: 無

移除 tag | sha256:6ba28c2899736d92718608c9b1d69134f56d90c57346eb97281aa15db5ac46c8
  tags: qa-case-10-overwrite:latest
  大小: 4421246 bytes（共用層不可加總） | 建立: 2026-09-21T07:42:56.098085572Z
  容器: 無 | force=false
  原因: 最後一個 tag 可能同時刪除 image
  目標: qa-case-10-overwrite:latest

保留 | sha256:6c84bd8e78666adfb28f5d44f94ed16d59c2c7d08a5190da5020eecbfd653dcc
  tags: qa-overwrite:latest
  大小: 4421246 bytes（共用層不可加總） | 建立: 2026-09-21T07:35:21.104575327Z
  容器: 無 | force=false
  原因: qa-overwrite:latest 符合 '^(?!qa-case-)'
  目標: 無

保留 | sha256:75e3c77d7ce8587c0608defc850fd5fcf9a916426d99540d02ee0e1e72526bb6
  tags: qa-case-change-retarget:latest, qa-replacement:latest
  大小: 4421246 bytes（共用層不可加總） | 建立: 2026-09-21T07:39:47.182826529Z
  容器: 無 | force=false
  原因: qa-replacement:latest 符合 '^(?!qa-case-)'
  目標: 無

保留 | sha256:79f026bb1323d9c7458798582e46db963f97f05aaa18d1e58e2b6606fa1da66f
  tags: qa-case-10-protected:a, qa-case-10-protected:b
  大小: 4421246 bytes（共用層不可加總） | 建立: 2026-09-21T07:42:54.112885453Z
  容器: 無 | force=false
  原因: qa-case-10-protected:a 符合 '^qa-case-10-protected:a$'
  目標: 無

保留 | sha256:7aa1b3c56f9a1d954d49fa8e8a00d5b75882459f34f40420b01c9fc425770c05
  tags: qa-stopped:latest
  大小: 4421246 bytes（共用層不可加總） | 建立: 2026-09-21T07:35:18.105149463Z
  容器: qa-stopped (created, 4b7754593f405b298e086cb5b2f2320fa73df46e2538f0f6a63887aabdaa82b6) | force=false
  原因: qa-stopped:latest 符合 '^(?!qa-case-)'
  目標: 無

保留 | sha256:7b79fd5d8b4bf20016ffd64fb3c03ca83fc53f3ac4dff4e545b67428bf8a4815
  tags: app:1x2
  大小: 4421246 bytes（共用層不可加總） | 建立: 2026-09-21T07:35:16.096390808Z
  容器: 無 | force=false
  原因: app:1x2 符合 '^(?!qa-case-)'
  目標: 無

刪除 image | sha256:a6567ff8932af6286fba28661f4e60522e7fa92856913c86a98c40b6f4496e5f
  tags: 無 tag
  大小: 4421246 bytes（共用層不可加總） | 建立: 2026-09-21T07:42:55.1147505Z
  容器: 無 | force=false
  原因: 按完整 ID 刪除
  目標: sha256:a6567ff8932af6286fba28661f4e60522e7fa92856913c86a98c40b6f4496e5f

跳過 | sha256:ab860e2bffa07c432c6ec8cedbeec84b43e6cc6f34a2c76024628cb71c9b462f
  tags: qa-case-10-running:latest
  大小: 4421246 bytes（共用層不可加總） | 建立: 2026-09-21T07:42:57.092492009Z
  容器: qa-case-10-running (running, e1283468311424ce1eb8ac447eead58f163c25395b23b5feec905105e98da3ac) | force=false
  原因: 容器引用；force 未啟用
  目標: 無

保留 | sha256:b9abb5c6afa658671356bc7534cc410ce56af0f074cef69ed632e0f38d518506
  tags: other/qa-case-match:1.2
  大小: 4421246 bytes（共用層不可加總） | 建立: 2026-09-21T07:40:28.095598917Z
  容器: 無 | force=false
  原因: other/qa-case-match:1.2 符合 '^(?!qa-case-)'
  目標: 無

移除 tag | sha256:c49135f993683efbc4f5922f46b2d3f9aee4cea1e22d5bc7dc5d01dfc58d1c0a
  tags: qa-case-10-multi:a, qa-case-10-multi:b
  大小: 4421246 bytes（共用層不可加總） | 建立: 2026-09-21T07:42:53.125453867Z
  容器: 無 | force=false
  原因: 最後一個 tag 可能同時刪除 image
  目標: qa-case-10-multi:a, qa-case-10-multi:b

保留 | sha256:db287cb6be81219cd18c1d82b70908f5d33eb028568b456f78eedff2ff2930e4
  tags: busybox:1.37
  大小: 4421246 bytes（共用層不可加總） | 建立: 2024-09-26T21:31:42Z
  容器: 無 | force=false
  原因: busybox:1.37 符合 '^(?!qa-case-)'
  目標: 無

保留 | sha256:f945fc376e563e944cae978299d8713cb424b29d706df04c59000116a2ae8c43
  tags: namespace/postgres:16, postgres:16, postgres:160
  大小: 4421246 bytes（共用層不可加總） | 建立: 2026-09-21T07:35:14.978119449Z
  容器: 無 | force=false
  原因: namespace/postgres:16 符合 '^(?!qa-case-)'; postgres:16 符合 '^(?!qa-case-)'; postgres:160 符合 '^(?!qa-case-)'
  目標: 無
移除最後一個 tag 可能刪除 image；force 不會停止或刪除容器，且不保證成功。
輸入 DELETE 確認執行，其他輸入取消: 跳過 | sha256:0f505234dd2bc03222c85d1a1d57f7e0289991acf2053a263390994558aa0939 | registry.example:5000/team/app:1.2 符合 '^(?!qa-case-)'
跳過 | sha256:4260031374ff292a0e825bde574b44ae48f17df69324467171c148ed53b0a622 | 容器引用；force 未啟用
移除 tag | qa-case-10-single:latest | Untagged: qa-case-10-single:latest
刪除 image | qa-case-10-single:latest | Deleted: sha256:459f32c35fe22fb8f24de8b1f4042440950ab9fcd6130dd3158e03bb9e21581f
跳過 | sha256:4f7a67b0ce2093c28233f60fa807e2f9bf178d9488c94e73501ea450f4584c4a | registry.example:5000/team/qa-case-match:1.2 符合 '^(?!qa-case-)'
跳過 | sha256:5617709a682aaf2892782a41920ef1362a6f206fc934cfd56c8731f052e5e3db | qa-running:latest 符合 '^(?!qa-case-)'
移除 tag | qa-case-10-overwrite:latest | Untagged: qa-case-10-overwrite:latest
刪除 image | qa-case-10-overwrite:latest | Deleted: sha256:6ba28c2899736d92718608c9b1d69134f56d90c57346eb97281aa15db5ac46c8
跳過 | sha256:6c84bd8e78666adfb28f5d44f94ed16d59c2c7d08a5190da5020eecbfd653dcc | qa-overwrite:latest 符合 '^(?!qa-case-)'
跳過 | sha256:75e3c77d7ce8587c0608defc850fd5fcf9a916426d99540d02ee0e1e72526bb6 | qa-replacement:latest 符合 '^(?!qa-case-)'
跳過 | sha256:79f026bb1323d9c7458798582e46db963f97f05aaa18d1e58e2b6606fa1da66f | qa-case-10-protected:a 符合 '^qa-case-10-protected:a$'
跳過 | sha256:7aa1b3c56f9a1d954d49fa8e8a00d5b75882459f34f40420b01c9fc425770c05 | qa-stopped:latest 符合 '^(?!qa-case-)'
跳過 | sha256:7b79fd5d8b4bf20016ffd64fb3c03ca83fc53f3ac4dff4e545b67428bf8a4815 | app:1x2 符合 '^(?!qa-case-)'
刪除 image | sha256:a6567ff8932af6286fba28661f4e60522e7fa92856913c86a98c40b6f4496e5f | Deleted: sha256:a6567ff8932af6286fba28661f4e60522e7fa92856913c86a98c40b6f4496e5f
跳過 | sha256:ab860e2bffa07c432c6ec8cedbeec84b43e6cc6f34a2c76024628cb71c9b462f | 容器引用；force 未啟用
跳過 | sha256:b9abb5c6afa658671356bc7534cc410ce56af0f074cef69ed632e0f38d518506 | other/qa-case-match:1.2 符合 '^(?!qa-case-)'
移除 tag | qa-case-10-multi:a | Untagged: qa-case-10-multi:a
移除 tag | qa-case-10-multi:b | Untagged: qa-case-10-multi:b
刪除 image | qa-case-10-multi:b | Deleted: sha256:c49135f993683efbc4f5922f46b2d3f9aee4cea1e22d5bc7dc5d01dfc58d1c0a
跳過 | sha256:db287cb6be81219cd18c1d82b70908f5d33eb028568b456f78eedff2ff2930e4 | busybox:1.37 符合 '^(?!qa-case-)'
跳過 | sha256:f945fc376e563e944cae978299d8713cb424b29d706df04c59000116a2ae8c43 | namespace/postgres:16 符合 '^(?!qa-case-)'; postgres:16 符合 '^(?!qa-case-)'; postgres:160 符合 '^(?!qa-case-)'

EXIT=0
